src/components/GoogleConnectButton.tsx(4,25): error TS7016: Could not find a declaration file for module '@/context/AuthContext'. '/Users/user/.gemini/antigravity/scratch/my_app/frontend_source/src/context/AuthContext.jsx' implicitly has an 'any' type.
src/components/GoogleConnectButton.tsx(40,13): error TS2322: Type '{ children: Element[]; whileHover: { scale: number; boxShadow: "0 4px 12px rgba(0,0,0,0.1)"; }; whileTap: { scale: number; }; onClick: () => Promise<void>; disabled: boolean; className: string; }' is not assignable to type 'IntrinsicAttributes & HTMLAttributesWithoutMotionProps<unknown, unknown> & MotionProps & RefAttributes<unknown>'.
  Property 'onClick' does not exist on type 'IntrinsicAttributes & HTMLAttributesWithoutMotionProps<unknown, unknown> & MotionProps & RefAttributes<unknown>'.
src/components/manager/MenuOptionsEditor.tsx(2,1): error TS6133: 'OptionGroup' is declared but its value is never read.
src/lib/loyalty.ts(1,10): error TS2724: '"./supabase"' has no exported member named 'getSupabase'. Did you mean 'supabase'?
src/lib/loyalty.ts(9,39): error TS7006: Parameter 'customerPhone' implicitly has an 'any' type.
src/lib/loyalty.ts(9,54): error TS7006: Parameter 'user' implicitly has an 'any' type.
src/lib/loyalty.ts(74,41): error TS7006: Parameter 'customerPhone' implicitly has an 'any' type.
src/lib/loyalty.ts(74,56): error TS7006: Parameter 'orderId' implicitly has an 'any' type.
src/lib/loyalty.ts(74,81): error TS7006: Parameter 'user' implicitly has an 'any' type.
src/lib/loyalty.ts(108,37): error TS7016: Could not find a declaration file for module '../db/database'. '/Users/user/.gemini/antigravity/scratch/my_app/frontend_source/src/db/database.js' implicitly has an 'any' type.
src/lib/loyalty.ts(162,47): error TS7006: Parameter 'customerPhone' implicitly has an 'any' type.
src/lib/loyalty.ts(162,62): error TS7006: Parameter 'orderId' implicitly has an 'any' type.
src/lib/loyalty.ts(162,71): error TS7006: Parameter 'pointsDelta' implicitly has an 'any' type.
src/lib/loyalty.ts(162,84): error TS7006: Parameter 'user' implicitly has an 'any' type.
src/lib/loyalty.ts(196,52): error TS7006: Parameter 'orderId' implicitly has an 'any' type.
src/lib/loyalty.ts(196,61): error TS7006: Parameter 'user' implicitly has an 'any' type.
src/lib/loyalty.ts(210,46): error TS7006: Parameter 'sum' implicitly has an 'any' type.
src/lib/loyalty.ts(210,51): error TS7006: Parameter 'tx' implicitly has an 'any' type.
src/pages/auth/GoogleCallback.tsx(5,25): error TS7016: Could not find a declaration file for module '@/context/AuthContext'. '/Users/user/.gemini/antigravity/scratch/my_app/frontend_source/src/context/AuthContext.jsx' implicitly has an 'any' type.
src/pages/auth/GoogleCallback.tsx(133,25): error TS2322: Type '{ children: Element[]; initial: { scale: number; opacity: number; }; animate: { scale: number; opacity: number; }; className: string; }' is not assignable to type 'IntrinsicAttributes & HTMLAttributesWithoutMotionProps<unknown, unknown> & MotionProps & RefAttributes<unknown>'.
  Property 'className' does not exist on type 'IntrinsicAttributes & HTMLAttributesWithoutMotionProps<unknown, unknown> & MotionProps & RefAttributes<unknown>'.
src/pages/auth/GoogleCallback.tsx(145,25): error TS2322: Type '{ children: Element[]; initial: { scale: number; opacity: number; }; animate: { scale: number; opacity: number; }; className: string; }' is not assignable to type 'IntrinsicAttributes & HTMLAttributesWithoutMotionProps<unknown, unknown> & MotionProps & RefAttributes<unknown>'.
  Property 'className' does not exist on type 'IntrinsicAttributes & HTMLAttributesWithoutMotionProps<unknown, unknown> & MotionProps & RefAttributes<unknown>'.
src/pages/ipad_inventory/components/CategoryFilter.tsx(31,25): error TS2322: Type '{ children: Element[]; key: "all" | "חלב" | "ירקות" | "מאפים" | "יבש" | "קפוא"; whileTap: { scale: number; }; onClick: () => void; className: string; }' is not assignable to type 'IntrinsicAttributes & HTMLAttributesWithoutMotionProps<unknown, unknown> & MotionProps & RefAttributes<unknown>'.
  Property 'onClick' does not exist on type 'IntrinsicAttributes & HTMLAttributesWithoutMotionProps<unknown, unknown> & MotionProps & RefAttributes<unknown>'.
src/pages/ipad_inventory/components/InventoryHeader.tsx(3,33): error TS7016: Could not find a declaration file for module '@/components/ConnectionStatusBar'. '/Users/user/.gemini/antigravity/scratch/my_app/frontend_source/src/components/ConnectionStatusBar.jsx' implicitly has an 'any' type.
src/pages/ipad_inventory/components/InventoryHeader.tsx(4,29): error TS7016: Could not find a declaration file for module '@/components/music/MiniMusicPlayer'. '/Users/user/.gemini/antigravity/scratch/my_app/frontend_source/src/components/music/MiniMusicPlayer.jsx' implicitly has an 'any' type.
src/pages/ipad_inventory/components/InventoryItemCard.tsx(52,13): error TS2322: Type '{ children: ("" | Element | undefined)[]; layout: true; initial: { opacity: number; y: number; }; animate: { opacity: number; y: number; }; exit: { opacity: number; scale: number; }; className: string; }' is not assignable to type 'IntrinsicAttributes & HTMLAttributesWithoutMotionProps<unknown, unknown> & MotionProps & RefAttributes<unknown>'.
  Property 'className' does not exist on type 'IntrinsicAttributes & HTMLAttributesWithoutMotionProps<unknown, unknown> & MotionProps & RefAttributes<unknown>'.
src/pages/ipad_inventory/components/InventoryItemCard.tsx(76,25): error TS2322: Type '{ children: Element; initial: { scale: number; }; animate: { scale: number; }; className: string; }' is not assignable to type 'IntrinsicAttributes & HTMLAttributesWithoutMotionProps<unknown, unknown> & MotionProps & RefAttributes<unknown>'.
  Property 'className' does not exist on type 'IntrinsicAttributes & HTMLAttributesWithoutMotionProps<unknown, unknown> & MotionProps & RefAttributes<unknown>'.
src/pages/ipad_inventory/components/InventoryItemCard.tsx(95,25): error TS2322: Type '{ children: Element; whileTap: { scale: number; }; onClick: () => void; className: string; "aria-label": string; }' is not assignable to type 'IntrinsicAttributes & HTMLAttributesWithoutMotionProps<unknown, unknown> & MotionProps & RefAttributes<unknown>'.
  Property 'onClick' does not exist on type 'IntrinsicAttributes & HTMLAttributesWithoutMotionProps<unknown, unknown> & MotionProps & RefAttributes<unknown>'.
src/pages/ipad_inventory/components/InventoryItemCard.tsx(105,25): error TS2322: Type '{ children: Element; whileTap: { scale: number; }; onClick: () => void; className: string; "aria-label": string; }' is not assignable to type 'IntrinsicAttributes & HTMLAttributesWithoutMotionProps<unknown, unknown> & MotionProps & RefAttributes<unknown>'.
  Property 'onClick' does not exist on type 'IntrinsicAttributes & HTMLAttributesWithoutMotionProps<unknown, unknown> & MotionProps & RefAttributes<unknown>'.
src/pages/ipad_inventory/components/InventoryItemCard.tsx(119,29): error TS2322: Type '{ children: Element; initial: { scale: number; opacity: number; }; animate: { scale: number; opacity: number; }; exit: { scale: number; opacity: number; }; whileTap: { scale: number; }; onClick: () => void; disabled: boolean; className: string; "aria-label": string; }' is not assignable to type 'IntrinsicAttributes & HTMLAttributesWithoutMotionProps<unknown, unknown> & MotionProps & RefAttributes<unknown>'.
  Property 'onClick' does not exist on type 'IntrinsicAttributes & HTMLAttributesWithoutMotionProps<unknown, unknown> & MotionProps & RefAttributes<unknown>'.
src/pages/ipad_inventory/components/InventoryItemCard.tsx(128,37): error TS2322: Type '{ animate: { rotate: number; }; transition: { repeat: number; duration: number; ease: "linear"; }; className: string; }' is not assignable to type 'IntrinsicAttributes & HTMLAttributesWithoutMotionProps<unknown, unknown> & MotionProps & RefAttributes<unknown>'.
  Property 'className' does not exist on type 'IntrinsicAttributes & HTMLAttributesWithoutMotionProps<unknown, unknown> & MotionProps & RefAttributes<unknown>'.
src/pages/ipad_inventory/components/modals/FullscreenInvoiceModal.tsx(31,13): error TS2322: Type '{ children: Element; initial: { opacity: number; }; animate: { opacity: number; }; exit: { opacity: number; }; className: string; onClick: () => void; }' is not assignable to type 'IntrinsicAttributes & HTMLAttributesWithoutMotionProps<unknown, unknown> & MotionProps & RefAttributes<unknown>'.
  Property 'className' does not exist on type 'IntrinsicAttributes & HTMLAttributesWithoutMotionProps<unknown, unknown> & MotionProps & RefAttributes<unknown>'.
src/pages/ipad_inventory/components/modals/FullscreenInvoiceModal.tsx(38,17): error TS2322: Type '{ children: Element[]; initial: { scale: number; }; animate: { scale: number; }; exit: { scale: number; }; className: string; onClick: (e: any) => any; }' is not assignable to type 'IntrinsicAttributes & HTMLAttributesWithoutMotionProps<unknown, unknown> & MotionProps & RefAttributes<unknown>'.
  Property 'className' does not exist on type 'IntrinsicAttributes & HTMLAttributesWithoutMotionProps<unknown, unknown> & MotionProps & RefAttributes<unknown>'.
src/pages/ipad_inventory/components/modals/FullscreenInvoiceModal.tsx(39,27): error TS7006: Parameter 'e' implicitly has an 'any' type.
src/pages/ipad_inventory/components/modals/LowStockReportModal.tsx(4,25): error TS7016: Could not find a declaration file for module '@/services/smsService'. '/Users/user/.gemini/antigravity/scratch/my_app/frontend_source/src/services/smsService.js' implicitly has an 'any' type.
src/pages/ipad_inventory/components/modals/LowStockReportModal.tsx(6,25): error TS7016: Could not find a declaration file for module '@/context/AuthContext'. '/Users/user/.gemini/antigravity/scratch/my_app/frontend_source/src/context/AuthContext.jsx' implicitly has an 'any' type.
src/pages/ipad_inventory/components/modals/SuccessMessageModal.tsx(28,13): error TS2322: Type '{ children: Element; initial: { opacity: number; }; animate: { opacity: number; }; exit: { opacity: number; }; className: string; }' is not assignable to type 'IntrinsicAttributes & HTMLAttributesWithoutMotionProps<unknown, unknown> & MotionProps & RefAttributes<unknown>'.
  Property 'className' does not exist on type 'IntrinsicAttributes & HTMLAttributesWithoutMotionProps<unknown, unknown> & MotionProps & RefAttributes<unknown>'.
src/pages/ipad_inventory/components/modals/SuccessMessageModal.tsx(34,17): error TS2322: Type '{ children: Element[]; initial: { scale: number; y: number; }; animate: { scale: number; y: number; }; exit: { scale: number; y: number; }; className: string; }' is not assignable to type 'IntrinsicAttributes & HTMLAttributesWithoutMotionProps<unknown, unknown> & MotionProps & RefAttributes<unknown>'.
  Property 'className' does not exist on type 'IntrinsicAttributes & HTMLAttributesWithoutMotionProps<unknown, unknown> & MotionProps & RefAttributes<unknown>'.
src/pages/ipad_inventory/components/SuppliersList.tsx(2,18): error TS6133: 'AnimatePresence' is declared but its value is never read.
src/pages/ipad_inventory/hooks/useIncomingOrders.ts(3,25): error TS7016: Could not find a declaration file for module '@/context/AuthContext'. '/Users/user/.gemini/antigravity/scratch/my_app/frontend_source/src/context/AuthContext.jsx' implicitly has an 'any' type.
src/pages/ipad_inventory/hooks/useIncomingOrders.ts(6,5): error TS6196: 'OrderItem' is declared but never used.
src/pages/ipad_inventory/hooks/useIncomingOrders.ts(164,34): error TS2345: Argument of type 'PostgrestFilterBuilder<any, any, any, any, "increment_stock", null, "RPC">' is not assignable to parameter of type 'Promise<any>'.
  Type 'PostgrestFilterBuilder<any, any, any, any, "increment_stock", null, "RPC">' is missing the following properties from type 'Promise<any>': catch, finally, [Symbol.toStringTag]
src/pages/ipad_inventory/hooks/useInventoryData.ts(3,25): error TS7016: Could not find a declaration file for module '@/context/AuthContext'. '/Users/user/.gemini/antigravity/scratch/my_app/frontend_source/src/context/AuthContext.jsx' implicitly has an 'any' type.
src/pages/ipad_inventory/hooks/useInventoryData.ts(11,5): error TS6196: 'PreparedItemInventory' is declared but never used.
src/pages/ipad_inventory/hooks/useInventoryData.ts(111,27): error TS6133: 'hasInvRecord' is declared but its value is never read.
src/pages/ipad_inventory/hooks/useInvoiceOCR.ts(2,51): error TS7016: Could not find a declaration file for module '@/utils/imageUtils'. '/Users/user/.gemini/antigravity/scratch/my_app/frontend_source/src/utils/imageUtils.js' implicitly has an 'any' type.
src/pages/ipad_inventory/hooks/useInvoiceOCR.ts(3,42): error TS7016: Could not find a declaration file for module '@/services/geminiService'. '/Users/user/.gemini/antigravity/scratch/my_app/frontend_source/src/services/geminiService.js' implicitly has an 'any' type.
src/pages/ipad_inventory/hooks/useInvoiceOCR.ts(4,35): error TS7016: Could not find a declaration file for module '@/services/ocrService'. '/Users/user/.gemini/antigravity/scratch/my_app/frontend_source/src/services/ocrService.js' implicitly has an 'any' type.
src/pages/ipad_inventory/hooks/useInvoiceOCR.ts(5,38): error TS7016: Could not find a declaration file for module '@/services/driveUploadService'. '/Users/user/.gemini/antigravity/scratch/my_app/frontend_source/src/services/driveUploadService.js' implicitly has an 'any' type.
src/pages/ipad_inventory/hooks/useStockUpdates.ts(3,25): error TS7016: Could not find a declaration file for module '@/context/AuthContext'. '/Users/user/.gemini/antigravity/scratch/my_app/frontend_source/src/context/AuthContext.jsx' implicitly has an 'any' type.
src/pages/ipad_inventory/hooks/useTripleCheckSession.ts(3,25): error TS7016: Could not find a declaration file for module '@/context/AuthContext'. '/Users/user/.gemini/antigravity/scratch/my_app/frontend_source/src/context/AuthContext.jsx' implicitly has an 'any' type.
src/pages/ipad_inventory/hooks/useTripleCheckSession.ts(174,28): error TS6133: 'cleanedName' is declared but its value is never read.
src/pages/ipad_inventory/hooks/useTripleCheckSession.ts(257,17): error TS2367: This comparison appears to be unintentional because the types 'number' and 'string | undefined' have no overlap.
src/pages/ipad_inventory/hooks/useTripleCheckSession.ts(360,98): error TS2339: Property 'name' does not exist on type 'never'.
src/pages/onboarding/components/BrandIdentityDesigner.tsx(4,26): error TS7016: Could not find a declaration file for module '../../../context/ThemeContext'. '/Users/user/.gemini/antigravity/scratch/my_app/frontend_source/src/context/ThemeContext.jsx' implicitly has an 'any' type.
src/pages/onboarding/components/menu-editor/editor/MenuItemEditModal.tsx(17,30): error TS7016: Could not find a declaration file for module '../../../../../components/ManagerAuthModal'. '/Users/user/.gemini/antigravity/scratch/my_app/frontend_source/src/components/ManagerAuthModal.jsx' implicitly has an 'any' type.
src/pages/onboarding/components/menu-editor/editor/tabs/TabRecipe.tsx(2,39): error TS6133: 'RefreshCw' is declared but its value is never read.
src/pages/onboarding/components/menu-editor/editor/tabs/TabRecipe.tsx(20,47): error TS6133: 'onSave' is declared but its value is never read.
src/pages/onboarding/components/MenuDataImporter.tsx(3,26): error TS7016: Could not find a declaration file for module '../../../context/ThemeContext'. '/Users/user/.gemini/antigravity/scratch/my_app/frontend_source/src/context/ThemeContext.jsx' implicitly has an 'any' type.
src/pages/onboarding/components/MenuReviewDashboard.tsx(8,25): error TS7016: Could not find a declaration file for module '../../../context/AuthContext'. '/Users/user/.gemini/antigravity/scratch/my_app/frontend_source/src/context/AuthContext.jsx' implicitly has an 'any' type.
src/pages/onboarding/components/MenuReviewDashboard.tsx(16,30): error TS7016: Could not find a declaration file for module '../../../components/ManagerAuthModal'. '/Users/user/.gemini/antigravity/scratch/my_app/frontend_source/src/components/ManagerAuthModal.jsx' implicitly has an 'any' type.
src/pages/onboarding/components/Step4_Generation.tsx(2,26): error TS7016: Could not find a declaration file for module '../../../context/ThemeContext'. '/Users/user/.gemini/antigravity/scratch/my_app/frontend_source/src/context/ThemeContext.jsx' implicitly has an 'any' type.
src/pages/onboarding/components/Step5_Finish.tsx(4,26): error TS7016: Could not find a declaration file for module '../../../context/ThemeContext'. '/Users/user/.gemini/antigravity/scratch/my_app/frontend_source/src/context/ThemeContext.jsx' implicitly has an 'any' type.
src/pages/onboarding/components/Step5_Finish.tsx(18,20): error TS2339: Property 'finalizeImport' does not exist on type 'OnboardingState'.
src/pages/onboarding/components/WizardLayout.tsx(7,26): error TS7016: Could not find a declaration file for module '../../../context/ThemeContext'. '/Users/user/.gemini/antigravity/scratch/my_app/frontend_source/src/context/ThemeContext.jsx' implicitly has an 'any' type.
src/pages/onboarding/components/WizardLayout.tsx(10,25): error TS7016: Could not find a declaration file for module '../../../context/AuthContext'. '/Users/user/.gemini/antigravity/scratch/my_app/frontend_source/src/context/AuthContext.jsx' implicitly has an 'any' type.
src/pages/onboarding/components/WizardLayout.tsx(105,25): error TS2322: Type '{ children: Element[]; initial: { opacity: number; y: number; scale: number; }; animate: { opacity: number; y: number; scale: number; }; exit: { opacity: number; y: number; scale: number; }; className: string; dir: string; }' is not assignable to type 'IntrinsicAttributes & HTMLAttributesWithoutMotionProps<unknown, unknown> & MotionProps & RefAttributes<unknown>'.
  Property 'className' does not exist on type 'IntrinsicAttributes & HTMLAttributesWithoutMotionProps<unknown, unknown> & MotionProps & RefAttributes<unknown>'.
src/pages/onboarding/store/useOnboardingStore.ts(2,37): error TS7016: Could not find a declaration file for module '../../../db/database'. '/Users/user/.gemini/antigravity/scratch/my_app/frontend_source/src/db/database.js' implicitly has an 'any' type.
src/pages/onboarding/store/useOnboardingStore.ts(4,41): error TS6133: 'validateModifierGroups' is declared but its value is never read.
src/pages/onboarding/store/useOnboardingStore.ts(4,65): error TS6133: 'enrichItemVisually' is declared but its value is never read.
